// Jest Snapshot v1, https://goo.gl/fbAQLP

exports[`renders correctly 1`] = `
<p>
   seconds have ellapsed since the UNIX epoch.
</p>
`;
